<?xml version="1.0" encoding="UTF-8"?>
<TestRun id="7545553b-4822-4045-bb4b-0d9f991dded5" name="Administrator@HUANGBO 2013-01-11 21:50:41" runUser="HUANGBO\Administrator" xmlns="http://microsoft.com/schemas/VisualStudio/TeamTest/2006">
  <TestRunConfiguration name="Local Test Run" id="50217ff5-54f5-4137-b9f0-540332b39484">
    <Description>This is a default test run configuration for a local test run.</Description>
    <Deployment runDeploymentRoot="D:\dev\质检中心\zjzx\TestResults\Administrator_HUANGBO 2013-01-11 21_50_41">
      <DeploymentItem filename="D:\dev\质检中心\zjzx\zjzx\bin\zjzx.dll" />
    </Deployment>
    <Plugins>
      <Plugin>Microsoft.VisualStudio.TestTools.HostAdapters.AspNetPlugin, Microsoft.VisualStudio.QualityTools.HostAdapters.ASPNETAgent</Plugin>
    </Plugins>
    <TestTypeSpecific />
  </TestRunConfiguration>
  <ResultSummary outcome="Failed">
    <Counters total="1" executed="1" error="0" failed="1" timeout="0" aborted="0" inconclusive="0" passedButRunAborted="0" notRunnable="0" notExecuted="0" disconnected="0" warning="0" passed="0" completed="0" inProgress="0" pending="0" />
  </ResultSummary>
  <Times creation="2013-01-11T21:50:41.4062500+08:00" queuing="2013-01-11T21:50:41.8906250+08:00" start="2013-01-11T21:50:41.9687500+08:00" finish="2013-01-11T21:51:07.1093750+08:00" />
  <TestDefinitions>
    <UnitTest name="getListTest" storage="d:\dev\质检中心\zjzx\testproject\bin\debug\testproject.dll" id="1ee2a08a-19a4-0172-ec13-8279d9a42621">
      <Css projectStructure="" iteration="" />
      <Owners>
        <Owner name="" />
      </Owners>
      <Execution id="84e24ef4-41df-4a57-8f93-50e481ee76db" />
      <TestMethod codeBase="D:\dev\质检中心\zjzx\TestProject\bin\Debug\TestProject.dll" adapterTypeName="Microsoft.VisualStudio.TestTools.TestTypes.Unit.UnitTestAdapter, Microsoft.VisualStudio.QualityTools.Tips.UnitTest.Adapter, Version=9.0.0.0, Culture=neutral, PublicKeyToken=b03f5f7f11d50a3a" className="TestProject.BZDaoTest, TestProject" name="getListTest" />
      <AspNet webSiteUrl="http://localhost:1269/">
        <Host pathToWebApp="%PathToWebRoot%\zjzx\zjzx" webAppRoot="/" />
      </AspNet>
    </UnitTest>
  </TestDefinitions>
  <TestLists>
    <TestList name="Results Not in a List" id="8c84fa94-04c1-424b-9868-57a2d4851a1d" />
    <TestList name="All Loaded Results" id="19431567-8539-422a-85d7-44ee4e166bda" />
  </TestLists>
  <TestEntries>
    <TestEntry testId="1ee2a08a-19a4-0172-ec13-8279d9a42621" executionId="84e24ef4-41df-4a57-8f93-50e481ee76db" testListId="8c84fa94-04c1-424b-9868-57a2d4851a1d" />
  </TestEntries>
  <Results>
    <UnitTestResult executionId="84e24ef4-41df-4a57-8f93-50e481ee76db" testId="1ee2a08a-19a4-0172-ec13-8279d9a42621" testName="getListTest" computerName="HUANGBO" duration="00:00:00.3008382" startTime="2013-01-11T21:51:03.1406250+08:00" endTime="2013-01-11T21:51:05.3593750+08:00" testType="13cdc9d9-ddb5-4fa4-a97d-d965ccfc6d4b" outcome="Failed" testListId="8c84fa94-04c1-424b-9868-57a2d4851a1d">
      <Output>
        <ErrorInfo>
          <Message>Test method TestProject.BZDaoTest.getListTest threw exception:  System.ArgumentException: 列“bh”不属于表 。.</Message>
          <StackTrace>    在 System.Data.DataRow.GetDataColumn(String columnName)
   在 System.Data.DataRow.get_Item(String columnName)
   在 TestProject.BZDaoTest.getListTest() 位置 D:\dev\质检中心\zjzx\TestProject\BZDaoTest.cs:行号 89
</StackTrace>
        </ErrorInfo>
      </Output>
    </UnitTestResult>
  </Results>
</TestRun>