<?xml version="1.0" encoding="UTF-8"?>
<TestRun id="cc98d142-768f-4ffa-b48f-211c39afc017" name="Administrator@HUANGBO 2013-01-12 08:53:49" runUser="HUANGBO\Administrator" xmlns="http://microsoft.com/schemas/VisualStudio/TeamTest/2006">
  <TestRunConfiguration name="Local Test Run" id="50217ff5-54f5-4137-b9f0-540332b39484">
    <Description>This is a default test run configuration for a local test run.</Description>
    <Deployment runDeploymentRoot="D:\dev\质检中心\zjzx\TestResults\Administrator_HUANGBO 2013-01-12 08_53_49">
      <DeploymentItem filename="D:\dev\质检中心\zjzx\zjzx\bin\zjzx.dll" />
    </Deployment>
    <Plugins>
      <Plugin>Microsoft.VisualStudio.TestTools.HostAdapters.AspNetPlugin, Microsoft.VisualStudio.QualityTools.HostAdapters.ASPNETAgent</Plugin>
    </Plugins>
    <TestTypeSpecific />
  </TestRunConfiguration>
  <ResultSummary outcome="Failed">
    <Counters total="1" executed="1" error="0" failed="1" timeout="0" aborted="0" inconclusive="0" passedButRunAborted="0" notRunnable="0" notExecuted="0" disconnected="0" warning="0" passed="0" completed="0" inProgress="0" pending="0" />
  </ResultSummary>
  <Times creation="2013-01-12T08:53:49.2343750+08:00" queuing="2013-01-12T08:53:49.8281250+08:00" start="2013-01-12T08:53:49.9375000+08:00" finish="2013-01-12T08:54:15.6562500+08:00" />
  <TestDefinitions>
    <UnitTest name="batchDeleteTest" storage="d:\dev\质检中心\zjzx\testproject\bin\debug\testproject.dll" id="03af4277-d246-7bc7-fc48-3916c120e004">
      <Css projectStructure="" iteration="" />
      <Owners>
        <Owner name="" />
      </Owners>
      <Execution id="9a4207ce-411e-4444-8b3f-3344b4495dba" />
      <TestMethod codeBase="D:\dev\质检中心\zjzx\TestProject\bin\Debug\TestProject.dll" adapterTypeName="Microsoft.VisualStudio.TestTools.TestTypes.Unit.UnitTestAdapter, Microsoft.VisualStudio.QualityTools.Tips.UnitTest.Adapter, Version=9.0.0.0, Culture=neutral, PublicKeyToken=b03f5f7f11d50a3a" className="TestProject.BZDaoTest, TestProject" name="batchDeleteTest" />
      <AspNet webSiteUrl="http://localhost:1269/">
        <Host pathToWebApp="%PathToWebRoot%\zjzx\zjzx" webAppRoot="/" />
      </AspNet>
    </UnitTest>
  </TestDefinitions>
  <TestLists>
    <TestList name="Results Not in a List" id="8c84fa94-04c1-424b-9868-57a2d4851a1d" />
    <TestList name="All Loaded Results" id="19431567-8539-422a-85d7-44ee4e166bda" />
  </TestLists>
  <TestEntries>
    <TestEntry testId="03af4277-d246-7bc7-fc48-3916c120e004" executionId="9a4207ce-411e-4444-8b3f-3344b4495dba" testListId="8c84fa94-04c1-424b-9868-57a2d4851a1d" />
  </TestEntries>
  <Results>
    <UnitTestResult executionId="9a4207ce-411e-4444-8b3f-3344b4495dba" testId="03af4277-d246-7bc7-fc48-3916c120e004" testName="batchDeleteTest" computerName="HUANGBO" duration="00:00:00.9751286" startTime="2013-01-12T08:54:11.0156250+08:00" endTime="2013-01-12T08:54:13.8593750+08:00" testType="13cdc9d9-ddb5-4fa4-a97d-d965ccfc6d4b" outcome="Failed" testListId="8c84fa94-04c1-424b-9868-57a2d4851a1d">
      <Output>
        <ErrorInfo>
          <Message>Test method TestProject.BZDaoTest.batchDeleteTest threw exception:  System.Data.SqlClient.SqlException: 在将 nvarchar 值 '1,2' 转换成数据类型 int 时失败。.</Message>
          <StackTrace>    在 System.Data.SqlClient.SqlConnection.OnError(SqlException exception, Boolean breakConnection)
   在 System.Data.SqlClient.SqlInternalConnection.OnError(SqlException exception, Boolean breakConnection)
   在 System.Data.SqlClient.TdsParser.ThrowExceptionAndWarning(TdsParserStateObject stateObj)
   在 System.Data.SqlClient.TdsParser.Run(RunBehavior runBehavior, SqlCommand cmdHandler, SqlDataReader dataStream, BulkCopySimpleResultSet bulkCopyHandler, TdsParserStateObject stateObj)
   在 System.Data.SqlClient.SqlCommand.FinishExecuteReader(SqlDataReader ds, RunBehavior runBehavior, String resetOptionsString)
   在 System.Data.SqlClient.SqlCommand.RunExecuteReaderTds(CommandBehavior cmdBehavior, RunBehavior runBehavior, Boolean returnStream, Boolean async)
   在 System.Data.SqlClient.SqlCommand.RunExecuteReader(CommandBehavior cmdBehavior, RunBehavior runBehavior, Boolean returnStream, String method, DbAsyncResult result)
   在 System.Data.SqlClient.SqlCommand.InternalExecuteNonQuery(DbAsyncResult result, String methodName, Boolean sendToPipe)
   在 System.Data.SqlClient.SqlCommand.ExecuteNonQuery()
   在 zjzx.dao.BZDao.batchDelete(String ids) 位置 D:\dev\质检中心\zjzx\zjzx\dao\BZDao.cs:行号 86
   在 TestProject.BZDaoTest.batchDeleteTest() 位置 D:\dev\质检中心\zjzx\TestProject\BZDaoTest.cs:行号 108
</StackTrace>
        </ErrorInfo>
      </Output>
    </UnitTestResult>
  </Results>
</TestRun>