<?xml version="1.0" encoding="UTF-8"?>
<TestRun id="602603c3-4391-42a9-97b5-0ba42adc16e2" name="Administrator@HUANGBO 2013-01-12 09:17:05" runUser="HUANGBO\Administrator" xmlns="http://microsoft.com/schemas/VisualStudio/TeamTest/2006">
  <TestRunConfiguration name="Local Test Run" id="50217ff5-54f5-4137-b9f0-540332b39484">
    <Description>This is a default test run configuration for a local test run.</Description>
    <Deployment runDeploymentRoot="D:\dev\质检中心\zjzx\TestResults\Administrator_HUANGBO 2013-01-12 09_17_05">
      <DeploymentItem filename="D:\dev\质检中心\zjzx\zjzx\bin\zjzx.dll" />
    </Deployment>
    <Plugins>
      <Plugin>Microsoft.VisualStudio.TestTools.HostAdapters.AspNetPlugin, Microsoft.VisualStudio.QualityTools.HostAdapters.ASPNETAgent</Plugin>
    </Plugins>
    <TestTypeSpecific />
  </TestRunConfiguration>
  <ResultSummary outcome="Inconclusive">
    <Counters total="1" executed="1" error="0" failed="0" timeout="0" aborted="0" inconclusive="1" passedButRunAborted="0" notRunnable="0" notExecuted="0" disconnected="0" warning="0" passed="0" completed="0" inProgress="0" pending="0" />
  </ResultSummary>
  <Times creation="2013-01-12T09:17:05.1250000+08:00" queuing="2013-01-12T09:17:05.5468750+08:00" start="2013-01-12T09:17:05.7187500+08:00" finish="2013-01-12T09:17:30.5937500+08:00" />
  <TestDefinitions>
    <UnitTest name="getEntityTest" storage="d:\dev\质检中心\zjzx\testproject\bin\debug\testproject.dll" id="446848ca-6e5c-a8fa-82ab-48bff552b62f">
      <Css projectStructure="" iteration="" />
      <Owners>
        <Owner name="" />
      </Owners>
      <Execution id="a973b97a-8ee3-404f-b18e-0342f4bbff0f" />
      <TestMethod codeBase="D:\dev\质检中心\zjzx\TestProject\bin\Debug\TestProject.dll" adapterTypeName="Microsoft.VisualStudio.TestTools.TestTypes.Unit.UnitTestAdapter, Microsoft.VisualStudio.QualityTools.Tips.UnitTest.Adapter, Version=9.0.0.0, Culture=neutral, PublicKeyToken=b03f5f7f11d50a3a" className="TestProject.BZDaoTest, TestProject" name="getEntityTest" />
      <AspNet webSiteUrl="http://localhost:1269/">
        <Host pathToWebApp="%PathToWebRoot%\zjzx\zjzx" webAppRoot="/" />
      </AspNet>
    </UnitTest>
  </TestDefinitions>
  <TestLists>
    <TestList name="Results Not in a List" id="8c84fa94-04c1-424b-9868-57a2d4851a1d" />
    <TestList name="All Loaded Results" id="19431567-8539-422a-85d7-44ee4e166bda" />
  </TestLists>
  <TestEntries>
    <TestEntry testId="446848ca-6e5c-a8fa-82ab-48bff552b62f" executionId="a973b97a-8ee3-404f-b18e-0342f4bbff0f" testListId="8c84fa94-04c1-424b-9868-57a2d4851a1d" />
  </TestEntries>
  <Results>
    <UnitTestResult executionId="a973b97a-8ee3-404f-b18e-0342f4bbff0f" testId="446848ca-6e5c-a8fa-82ab-48bff552b62f" testName="getEntityTest" computerName="HUANGBO" duration="00:00:00.4012258" startTime="2013-01-12T09:17:26.5625000+08:00" endTime="2013-01-12T09:17:28.8125000+08:00" testType="13cdc9d9-ddb5-4fa4-a97d-d965ccfc6d4b" outcome="Inconclusive" testListId="8c84fa94-04c1-424b-9868-57a2d4851a1d">
      <Output>
        <StdOut>3</StdOut>
        <ErrorInfo>
          <Message>Assert.Inconclusive failed. Verify the correctness of this test method.</Message>
          <StackTrace>   在 TestProject.BZDaoTest.getEntityTest() 位置 D:\dev\质检中心\zjzx\TestProject\BZDaoTest.cs:行号 128
</StackTrace>
        </ErrorInfo>
      </Output>
    </UnitTestResult>
  </Results>
</TestRun>