<?xml version="1.0" encoding="UTF-8"?>
<TestRun id="4da5f84f-dfc1-4f0a-a42e-d5d56fea4a3b" name="Administrator@HUANGBO 2013-01-11 21:53:52" runUser="HUANGBO\Administrator" xmlns="http://microsoft.com/schemas/VisualStudio/TeamTest/2006">
  <TestRunConfiguration name="Local Test Run" id="50217ff5-54f5-4137-b9f0-540332b39484">
    <Description>This is a default test run configuration for a local test run.</Description>
    <Deployment runDeploymentRoot="D:\dev\质检中心\zjzx\TestResults\Administrator_HUANGBO 2013-01-11 21_53_52">
      <DeploymentItem filename="D:\dev\质检中心\zjzx\zjzx\bin\zjzx.dll" />
    </Deployment>
    <Plugins>
      <Plugin>Microsoft.VisualStudio.TestTools.HostAdapters.AspNetPlugin, Microsoft.VisualStudio.QualityTools.HostAdapters.ASPNETAgent</Plugin>
    </Plugins>
    <TestTypeSpecific />
  </TestRunConfiguration>
  <ResultSummary outcome="Completed">
    <Counters total="1" executed="1" passed="1" error="0" failed="0" timeout="0" aborted="0" inconclusive="0" passedButRunAborted="0" notRunnable="0" notExecuted="0" disconnected="0" warning="0" completed="0" inProgress="0" pending="0" />
  </ResultSummary>
  <Times creation="2013-01-11T21:53:52.6562500+08:00" queuing="2013-01-11T21:53:53.1406250+08:00" start="2013-01-11T21:53:53.2656250+08:00" finish="2013-01-11T21:54:17.3750000+08:00" />
  <TestDefinitions>
    <UnitTest name="getListTest" storage="d:\dev\质检中心\zjzx\testproject\bin\debug\testproject.dll" id="1ee2a08a-19a4-0172-ec13-8279d9a42621">
      <Css projectStructure="" iteration="" />
      <Owners>
        <Owner name="" />
      </Owners>
      <Execution id="9cfef100-7e06-49fd-b663-5a75039d11c2" />
      <TestMethod codeBase="D:\dev\质检中心\zjzx\TestProject\bin\Debug\TestProject.dll" adapterTypeName="Microsoft.VisualStudio.TestTools.TestTypes.Unit.UnitTestAdapter, Microsoft.VisualStudio.QualityTools.Tips.UnitTest.Adapter, Version=9.0.0.0, Culture=neutral, PublicKeyToken=b03f5f7f11d50a3a" className="TestProject.BZDaoTest, TestProject" name="getListTest" />
      <AspNet webSiteUrl="http://localhost:1269/">
        <Host pathToWebApp="%PathToWebRoot%\zjzx\zjzx" webAppRoot="/" />
      </AspNet>
    </UnitTest>
  </TestDefinitions>
  <TestLists>
    <TestList name="Results Not in a List" id="8c84fa94-04c1-424b-9868-57a2d4851a1d" />
    <TestList name="All Loaded Results" id="19431567-8539-422a-85d7-44ee4e166bda" />
  </TestLists>
  <TestEntries>
    <TestEntry testId="1ee2a08a-19a4-0172-ec13-8279d9a42621" executionId="9cfef100-7e06-49fd-b663-5a75039d11c2" testListId="8c84fa94-04c1-424b-9868-57a2d4851a1d" />
  </TestEntries>
  <Results>
    <UnitTestResult executionId="9cfef100-7e06-49fd-b663-5a75039d11c2" testId="1ee2a08a-19a4-0172-ec13-8279d9a42621" testName="getListTest" computerName="HUANGBO" duration="00:00:00.0809169" startTime="2013-01-11T21:54:14.2500000+08:00" endTime="2013-01-11T21:54:15.6093750+08:00" testType="13cdc9d9-ddb5-4fa4-a97d-d965ccfc6d4b" outcome="Passed" testListId="8c84fa94-04c1-424b-9868-57a2d4851a1d">
      <Output>
        <StdOut>3;2
ewwe;tttt;2012-12-2 0:00:00
ewwe2;tttt2;2012-12-2 0:00:00</StdOut>
      </Output>
    </UnitTestResult>
  </Results>
</TestRun>